
Memory Configuration

Name             Origin             Length             Attributes
ram              0x22f00000         0x00020000
*default*        0x00000000         0xffffffff

Linker script and memory map


.init           0x22f00000      0x120
                0x22f00000                __text_start = .
 *(.init)
 .init          0x22f00000      0x120 start.o
                0x22f00000                _start
                0x22f00120                . = ALIGN (0x4)

.plt
 *(.plt)

.text           0x22f00120       0xb0
 *(.text .stub .text.* .gnu.linkonce.t.*)
 .text          0x22f00120        0x0 main.o
 .text.startup  0x22f00120       0xb0 main.o
                0x22f00120                main
 .text          0x22f001d0        0x0 start.o
 *(.text.*personality*)
 *(.gnu.warning)
 *(.glue_7t)
 .glue_7t       0x22f001d0        0x0 linker stubs
 *(.glue_7)
 .glue_7        0x22f001d0        0x0 linker stubs
 *(.vfp11_veneer)
 .vfp11_veneer  0x22f001d0        0x0 linker stubs
                0x22f001d0                . = ALIGN (0x4)

.v4_bx          0x22f001d0        0x0
 .v4_bx         0x22f001d0        0x0 linker stubs

.iplt           0x22f001d0        0x0
 .iplt          0x22f001d0        0x0 main.o

.rel.dyn        0x22f001d0        0x0
 .rel.iplt      0x22f001d0        0x0 main.o

.fini
 *(.fini)
                0x22f001d0                __text_end = .

.rodata         0x22f001d0        0x0
 *(.rodata)
 *all.rodata*(*)
 *(.roda)
 *(.rodata.*)
 *(.gnu.linkonce.r*)
                0x22f001d0                . = ALIGN (0x4)

.ARM.extab
 *(.ARM.extab* .gnu.linkonce.armextab.*)
                0x22f001d0                __exidx_start = .

.ARM.exidx
 *(.ARM.exidx* .gnu.linkonce.armexidx.*)
                0x22f001d0                __exidx_end = .
                0x22f001d0                . = ALIGN (0x4)
                0x22f001d0                PROVIDE (__preinit_array_start, .)

.preinit_array
 *(.preinit_array)
                0x22f001d0                PROVIDE (__preinit_array_end, .)
                0x22f001d0                PROVIDE (__init_array_start, .)

.init_array
 *(.init_array)
                0x22f001d0                PROVIDE (__init_array_end, .)
                0x22f001d0                PROVIDE (__fini_array_start, .)

.fini_array
 *(.fini_array)
                0x22f001d0                PROVIDE (__fini_array_end, .)

.ctors          0x22f001d0        0x0
 *crtbegin.o(.ctors)
 *(EXCLUDE_FILE(*crtend.o) .ctors)
 *(SORT(.ctors.*))
 *(.ctors)
                0x22f001d0                . = ALIGN (0x4)

.dtors          0x22f001d0        0x0
 *crtbegin.o(.dtors)
 *(EXCLUDE_FILE(*crtend.o) .dtors)
 *(SORT(.dtors.*))
 *(.dtors)
                0x22f001d0                . = ALIGN (0x4)

.eh_frame       0x22f001d0        0x0
 *(.eh_frame)
                0x22f001d0                . = ALIGN (0x4)

.gcc_except_table
                0x22f001d0        0x0
 *(.gcc_except_table)
                0x22f001d0                . = ALIGN (0x4)

.jcr
 *(.jcr)

.got
 *(.got.plt)
 *(.got)

.data           0x22f001d0        0x4
                0x22f001d0                __data_start = ABSOLUTE (.)
 *(.data)
 .data          0x22f001d0        0x4 main.o
                0x22f001d0                rxTools
 .data          0x22f001d4        0x0 start.o
 *(.data.*)
 *(.gnu.linkonce.d*)
                0x22f001d4                . = ALIGN (0x4)
                0x22f001d4                __data_end = ABSOLUTE (.)

.igot.plt       0x22f001d4        0x0
 .igot.plt      0x22f001d4        0x0 main.o

.bss            0x22f001d4        0x0
                0x22f001d4                __bss_start = ABSOLUTE (.)
                0x22f001d4                __bss_start__ = ABSOLUTE (.)
 *(.dynbss)
 *(.gnu.linkonce.b*)
 *(.bss*)
 .bss           0x22f001d4        0x0 main.o
 .bss           0x22f001d4        0x0 start.o
 *(COMMON)
                0x22f001d4                . = ALIGN (0x4)
                0x22f001d4                __bss_end__ = ABSOLUTE (.)
                0x22f001d4                __end__ = ABSOLUTE (.)

.stab
 *(.stab)

.stabstr
 *(.stabstr)

.stab.excl
 *(.stab.excl)

.stab.exclstr
 *(.stab.exclstr)

.stab.index
 *(.stab.index)

.stab.indexstr
 *(.stab.indexstr)

.comment        0x00000000       0x22
 *(.comment)
 .comment       0x00000000       0x22 main.o
                                 0x23 (size before relaxing)

.ARM.attributes
                0x00000000       0x25
 .ARM.attributes
                0x00000000       0x27 main.o
 .ARM.attributes
                0x00000027       0x14 start.o

.debug
 *(.debug)

.line
 *(.line)

.debug_srcinfo
 *(.debug_srcinfo)

.debug_sfnames
 *(.debug_sfnames)

.debug_aranges  0x00000000       0x40
 *(.debug_aranges)
 .debug_aranges
                0x00000000       0x20 main.o
 .debug_aranges
                0x00000020       0x20 start.o

.debug_pubnames
 *(.debug_pubnames)

.debug_info     0x00000000      0x21e
 *(.debug_info)
 .debug_info    0x00000000      0x17d main.o
 .debug_info    0x0000017d       0xa1 start.o

.debug_abbrev   0x00000000       0xd3
 *(.debug_abbrev)
 .debug_abbrev  0x00000000       0xbf main.o
 .debug_abbrev  0x000000bf       0x14 start.o

.debug_line     0x00000000      0x168
 *(.debug_line)
 .debug_line    0x00000000       0xad main.o
 .debug_line    0x000000ad       0xbb start.o

.debug_frame    0x00000000       0x28
 *(.debug_frame)
 .debug_frame   0x00000000       0x28 main.o

.debug_str      0x00000000      0x174
 *(.debug_str)
 .debug_str     0x00000000      0x174 main.o
                                0x1ad (size before relaxing)

.debug_loc      0x00000000       0xfd
 *(.debug_loc)
 .debug_loc     0x00000000       0xfd main.o

.debug_macinfo
 *(.debug_macinfo)

.debug_weaknames
 *(.debug_weaknames)

.debug_funcnames
 *(.debug_funcnames)

.debug_typenames
 *(.debug_typenames)

.debug_varnames
 *(.debug_varnames)

.stack          0x00080000        0x0
                0x00080000                _stack = .
 *(.stack)
LOAD main.o
LOAD start.o
START GROUP
LOAD c:/devkitpro/devkitarm/bin/../lib/gcc/arm-none-eabi/4.9.2/thumb\libgcc.a
LOAD c:/devkitpro/devkitarm/bin/../lib/gcc/arm-none-eabi/4.9.2/../../../../arm-none-eabi/lib/thumb\libg.a
LOAD c:/devkitpro/devkitarm/bin/../lib/gcc/arm-none-eabi/4.9.2/../../../../arm-none-eabi/lib/thumb\libc.a
LOAD c:/devkitpro/devkitarm/bin/../lib/gcc/arm-none-eabi/4.9.2/../../../../arm-none-eabi/lib/thumb\libsysbase.a
END GROUP
OUTPUT(c:/Users/L/Documents/GitHub/rxTools/msethax/loader/loader.elf elf32-littlearm)

.debug_ranges   0x00000000       0x40
 .debug_ranges  0x00000000       0x40 main.o
